// Jest Snapshot v1, https://goo.gl/fbAQLP

exports[`rendering a snapshot 1`] = `
<div
  class="card border-0"
  className="card"
>
  <div
    class="card border-0"
    className="card"
    style={
      Object {
        "width": "18rem",
      }
    }
  >
    <img
      className="card-img-top"
      src="v_castaneda.jpeg"
    />
    <div
      className="card-body"
    >
      <div
        className="card-title h5"
      >
        Victor Casta√±eda
      </div>
      <p
        className="card-text"
      >
        I am budding code developer who likes to travel, workout, and dabble in woodworking. I live in NJ with my wife, Jenally, and three kids, Noah, Leah, and Joel.
      </p>
      <a
        className="btn btn-primary"
        disabled={false}
        href="https://www.linkedin.com/in/victor-castaneda-68942875/"
        onClick={[Function]}
        onKeyDown={[Function]}
        role="button"
        tabIndex={0}
      >
        LinkedIn
      </a>
    </div>
  </div>
</div>
`;
